// Jest Snapshot v1, https://goo.gl/fbAQLP

exports[`SVG Snapshot 0 should match 1`] = `
<div
  dangerouslySetInnerHTML={
    Object {
      "__html": undefined,
    }
  }
/>
`;
