// Jest Snapshot v1, https://goo.gl/fbAQLP

exports[`Tint Snapshot 0 should match 1`] = `<div />`;
